I'm sorry, but errors were detected in your script. Please correct the
errors listed below, and try again.


File "game/script.rpy", line 1721: expected statement.
    "Ключевое слово "/почти"/"
                     ^

Ren'Py Version: Ren'Py 7.4.11.2266
Wed Jun 29 15:33:42 2022
